#! /Applications/tabby/bin/vvp
:ivl_version "13.0 (devel)" "(s20221226-576-g06077ed02)";
:ivl_delay_selection "TYPICAL";
:vpi_time_precision - 9;
:vpi_module "/Applications/tabby/lib/ivl/system.vpi";
:vpi_module "/Applications/tabby/lib/ivl/vhdl_sys.vpi";
:vpi_module "/Applications/tabby/lib/ivl/vhdl_textio.vpi";
:vpi_module "/Applications/tabby/lib/ivl/v2005_math.vpi";
:vpi_module "/Applications/tabby/lib/ivl/va_math.vpi";
:vpi_module "/Applications/tabby/lib/ivl/v2009.vpi";
S_0x7f9e268072b0 .scope package, "$unit" "$unit" 2 1;
 .timescale 0 0;
S_0x7f9e26807420 .scope module, "tb_async_fifo" "tb_async_fifo" 3 2;
 .timescale -9 -9;
v0x7f9e26918470_0 .var "clk", 0 0;
v0x7f9e26918500_0 .var "data_in", 7 0;
v0x7f9e26918590_0 .net "data_out", 7 0, v0x7f9e25f065a0_0;  1 drivers
v0x7f9e26918620_0 .net "empty", 0 0, v0x7f9e2690d3e0_0;  1 drivers
v0x7f9e269186b0_0 .net "full", 0 0, v0x7f9e269166a0_0;  1 drivers
v0x7f9e26918740_0 .var "r_en", 0 0;
v0x7f9e269187d0_0 .var "rstn", 0 0;
v0x7f9e26918860_0 .var "w_en", 0 0;
S_0x7f9e26807760 .scope module, "u_asfifo" "asfifo" 3 71, 4 32 0, S_0x7f9e26807420;
 .timescale -9 -9;
    .port_info 0 /INPUT 1 "i_clk_r";
    .port_info 1 /INPUT 1 "i_clk_w";
    .port_info 2 /INPUT 1 "i_rst_n";
    .port_info 3 /INPUT 1 "i_winc";
    .port_info 4 /INPUT 1 "i_rinc";
    .port_info 5 /INPUT 8 "i_wdata";
    .port_info 6 /OUTPUT 1 "o_wfull";
    .port_info 7 /OUTPUT 1 "o_rempty";
    .port_info 8 /OUTPUT 8 "o_rdata";
P_0x7f9e268052e0 .param/l "AW" 1 4 48, +C4<00000000000000000000000000000100>;
P_0x7f9e26805320 .param/l "DEPTH" 0 4 34, +C4<00000000000000000000000000010000>;
P_0x7f9e26805360 .param/l "WIDTH" 0 4 33, +C4<00000000000000000000000000001000>;
L_0x7f9e26a09800 .functor XOR 5, L_0x7f9e26a09900, v0x7f9e26918230_0, C4<00000>, C4<00000>;
L_0x7f9e26817d50 .functor XOR 5, L_0x7f9e26817c30, v0x7f9e26916830_0, C4<00000>, C4<00000>;
L_0x7f9e26817e40 .functor NOT 1, v0x7f9e269166a0_0, C4<0>, C4<0>, C4<0>;
L_0x7f9e26817ef0 .functor AND 1, L_0x7f9e26817e40, v0x7f9e26918860_0, C4<1>, C4<1>;
L_0x7f9e268180f0 .functor NOT 1, v0x7f9e2690d3e0_0, C4<0>, C4<0>, C4<0>;
L_0x7f9e268181d0 .functor AND 1, L_0x7f9e268180f0, v0x7f9e26918740_0, C4<1>, C4<1>;
v0x7f9e26916e30_0 .net *"_ivl_0", 4 0, L_0x7f9e26a09900;  1 drivers
v0x7f9e26916ec0_0 .net *"_ivl_10", 3 0, L_0x7f9e26817b00;  1 drivers
L_0x7f9e26b63050 .functor BUFT 1, C4<0>, C4<0>, C4<0>, C4<0>;
v0x7f9e26916f50_0 .net *"_ivl_12", 0 0, L_0x7f9e26b63050;  1 drivers
v0x7f9e26917e60_0 .net *"_ivl_16", 0 0, L_0x7f9e26817e40;  1 drivers
v0x7f9e26917ef0_0 .net *"_ivl_2", 3 0, L_0x7f9e269188f0;  1 drivers
v0x7f9e26917f80_0 .net *"_ivl_22", 0 0, L_0x7f9e268180f0;  1 drivers
L_0x7f9e26b63008 .functor BUFT 1, C4<0>, C4<0>, C4<0>, C4<0>;
v0x7f9e2690a040_0 .net *"_ivl_4", 0 0, L_0x7f9e26b63008;  1 drivers
v0x7f9e2690a0d0_0 .net *"_ivl_8", 4 0, L_0x7f9e26817c30;  1 drivers
v0x7f9e2690a160_0 .net "i_clk_r", 0 0, v0x7f9e26918470_0;  1 drivers
v0x7f9e2690a1f0_0 .net "i_clk_w", 0 0, v0x7f9e26918470_0;  alias, 1 drivers
v0x7f9e2690a280_0 .net "i_rinc", 0 0, v0x7f9e26918740_0;  1 drivers
v0x7f9e2690d1a0_0 .net "i_rst_n", 0 0, v0x7f9e269187d0_0;  1 drivers
v0x7f9e2690d230_0 .net "i_wdata", 7 0, v0x7f9e26918500_0;  1 drivers
v0x7f9e2690d2c0_0 .net "i_winc", 0 0, v0x7f9e26918860_0;  1 drivers
v0x7f9e2690d350_0 .net "o_rdata", 7 0, v0x7f9e25f065a0_0;  alias, 1 drivers
v0x7f9e2690d3e0_0 .var "o_rempty", 0 0;
v0x7f9e269166a0_0 .var "o_wfull", 0 0;
v0x7f9e26916830_0 .var "rptr", 4 0;
v0x7f9e269168c0_0 .net "rptr_gray", 4 0, L_0x7f9e26817d50;  1 drivers
v0x7f9e26916950_0 .var "rptr_gray_ff1", 4 0;
v0x7f9e269181a0_0 .var "rptr_gray_ff2", 4 0;
v0x7f9e26918230_0 .var "wptr", 4 0;
v0x7f9e269182c0_0 .net "wptr_gray", 4 0, L_0x7f9e26a09800;  1 drivers
v0x7f9e26918350_0 .var "wptr_gray_ff1", 4 0;
v0x7f9e269183e0_0 .var "wptr_gray_ff2", 4 0;
E_0x7f9e26807aa0 .event anyedge, v0x7f9e269182c0_0, v0x7f9e269181a0_0;
E_0x7f9e26807ae0 .event anyedge, v0x7f9e269168c0_0, v0x7f9e269183e0_0;
E_0x7f9e26807b20/0 .event negedge, v0x7f9e2690d1a0_0;
E_0x7f9e26807b20/1 .event posedge, v0x7f9e25f06500_0;
E_0x7f9e26807b20 .event/or E_0x7f9e26807b20/0, E_0x7f9e26807b20/1;
L_0x7f9e269188f0 .part v0x7f9e26918230_0, 1, 4;
L_0x7f9e26a09900 .concat [ 4 1 0 0], L_0x7f9e269188f0, L_0x7f9e26b63008;
L_0x7f9e26817b00 .part L_0x7f9e26817d50, 1, 4;
L_0x7f9e26817c30 .concat [ 4 1 0 0], L_0x7f9e26817b00, L_0x7f9e26b63050;
L_0x7f9e26818020 .part v0x7f9e26918230_0, 0, 4;
L_0x7f9e268182e0 .part v0x7f9e26916830_0, 0, 4;
S_0x7f9e26807b80 .scope module, "ram" "dual_port_RAM" 4 106, 4 5 0, S_0x7f9e26807760;
 .timescale -9 -9;
    .port_info 0 /INPUT 1 "wclk";
    .port_info 1 /INPUT 1 "wenc";
    .port_info 2 /INPUT 4 "waddr";
    .port_info 3 /INPUT 8 "wdata";
    .port_info 4 /INPUT 1 "rclk";
    .port_info 5 /INPUT 1 "renc";
    .port_info 6 /INPUT 4 "raddr";
    .port_info 7 /OUTPUT 8 "rdata";
P_0x7f9e26807cf0 .param/l "DEPTH" 0 4 5, +C4<00000000000000000000000000010000>;
P_0x7f9e26807d30 .param/l "WIDTH" 0 4 6, +C4<00000000000000000000000000001000>;
v0x7f9e26808030 .array "RAM_MEM", 15 0, 7 0;
v0x7f9e268080e0_0 .net "raddr", 3 0, L_0x7f9e268182e0;  1 drivers
v0x7f9e25f06500_0 .net "rclk", 0 0, v0x7f9e26918470_0;  alias, 1 drivers
v0x7f9e25f065a0_0 .var "rdata", 7 0;
v0x7f9e25f06650_0 .net "renc", 0 0, L_0x7f9e268181d0;  1 drivers
v0x7f9e25f06730_0 .net "waddr", 3 0, L_0x7f9e26818020;  1 drivers
v0x7f9e25f067e0_0 .net "wclk", 0 0, v0x7f9e26918470_0;  alias, 1 drivers
v0x7f9e25f06870_0 .net "wdata", 7 0, v0x7f9e26918500_0;  alias, 1 drivers
v0x7f9e2690a440_0 .net "wenc", 0 0, L_0x7f9e26817ef0;  1 drivers
E_0x7f9e26807fd0 .event posedge, v0x7f9e25f06500_0;
    .scope S_0x7f9e26807b80;
T_0 ;
    %wait E_0x7f9e26807fd0;
    %load/vec4 v0x7f9e2690a440_0;
    %flag_set/vec4 8;
    %jmp/0xz  T_0.0, 8;
    %load/vec4 v0x7f9e25f06870_0;
    %load/vec4 v0x7f9e25f06730_0;
    %pad/u 6;
    %ix/vec4 3;
    %ix/load 4, 0, 0; Constant delay
    %assign/vec4/a/d v0x7f9e26808030, 0, 4;
T_0.0 ;
    %jmp T_0;
    .thread T_0;
    .scope S_0x7f9e26807b80;
T_1 ;
    %wait E_0x7f9e26807fd0;
    %load/vec4 v0x7f9e25f06650_0;
    %flag_set/vec4 8;
    %jmp/0xz  T_1.0, 8;
    %load/vec4 v0x7f9e268080e0_0;
    %pad/u 6;
    %ix/vec4 4;
    %load/vec4a v0x7f9e26808030, 4;
    %assign/vec4 v0x7f9e25f065a0_0, 0;
T_1.0 ;
    %jmp T_1;
    .thread T_1;
    .scope S_0x7f9e26807760;
T_2 ;
    %wait E_0x7f9e26807b20;
    %load/vec4 v0x7f9e2690d1a0_0;
    %inv;
    %flag_set/vec4 8;
    %jmp/0xz  T_2.0, 8;
    %pushi/vec4 0, 0, 10;
    %split/vec4 5;
    %assign/vec4 v0x7f9e26918350_0, 0;
    %assign/vec4 v0x7f9e269183e0_0, 0;
    %jmp T_2.1;
T_2.0 ;
    %load/vec4 v0x7f9e26918350_0;
    %load/vec4 v0x7f9e269182c0_0;
    %concat/vec4; draw_concat_vec4
    %split/vec4 5;
    %assign/vec4 v0x7f9e26918350_0, 0;
    %assign/vec4 v0x7f9e269183e0_0, 0;
T_2.1 ;
    %jmp T_2;
    .thread T_2;
    .scope S_0x7f9e26807760;
T_3 ;
    %wait E_0x7f9e26807b20;
    %load/vec4 v0x7f9e2690d1a0_0;
    %inv;
    %flag_set/vec4 8;
    %jmp/0xz  T_3.0, 8;
    %pushi/vec4 0, 0, 10;
    %split/vec4 5;
    %assign/vec4 v0x7f9e26918350_0, 0;
    %assign/vec4 v0x7f9e269181a0_0, 0;
    %jmp T_3.1;
T_3.0 ;
    %load/vec4 v0x7f9e26916950_0;
    %load/vec4 v0x7f9e269168c0_0;
    %concat/vec4; draw_concat_vec4
    %split/vec4 5;
    %assign/vec4 v0x7f9e26916950_0, 0;
    %assign/vec4 v0x7f9e269181a0_0, 0;
T_3.1 ;
    %jmp T_3;
    .thread T_3;
    .scope S_0x7f9e26807760;
T_4 ;
    %wait E_0x7f9e26807b20;
    %load/vec4 v0x7f9e2690d1a0_0;
    %inv;
    %flag_set/vec4 8;
    %jmp/0xz  T_4.0, 8;
    %pushi/vec4 0, 0, 5;
    %assign/vec4 v0x7f9e26918230_0, 0;
    %jmp T_4.1;
T_4.0 ;
    %load/vec4 v0x7f9e269166a0_0;
    %inv;
    %flag_set/vec4 9;
    %flag_get/vec4 9;
    %jmp/0 T_4.4, 9;
    %load/vec4 v0x7f9e2690d2c0_0;
    %and;
T_4.4;
    %flag_set/vec4 8;
    %jmp/0 T_4.2, 8;
    %load/vec4 v0x7f9e26918230_0;
    %addi 1, 0, 5;
    %jmp/1 T_4.3, 8;
T_4.2 ; End of true expr.
    %load/vec4 v0x7f9e26918230_0;
    %jmp/0 T_4.3, 8;
 ; End of false expr.
    %blend;
T_4.3;
    %assign/vec4 v0x7f9e26918230_0, 0;
T_4.1 ;
    %jmp T_4;
    .thread T_4;
    .scope S_0x7f9e26807760;
T_5 ;
    %wait E_0x7f9e26807b20;
    %load/vec4 v0x7f9e2690d1a0_0;
    %inv;
    %flag_set/vec4 8;
    %jmp/0xz  T_5.0, 8;
    %pushi/vec4 0, 0, 5;
    %assign/vec4 v0x7f9e26916830_0, 0;
    %jmp T_5.1;
T_5.0 ;
    %load/vec4 v0x7f9e2690d3e0_0;
    %inv;
    %flag_set/vec4 9;
    %flag_get/vec4 9;
    %jmp/0 T_5.4, 9;
    %load/vec4 v0x7f9e2690a280_0;
    %and;
T_5.4;
    %flag_set/vec4 8;
    %jmp/0 T_5.2, 8;
    %load/vec4 v0x7f9e26916830_0;
    %addi 1, 0, 5;
    %jmp/1 T_5.3, 8;
T_5.2 ; End of true expr.
    %load/vec4 v0x7f9e26916830_0;
    %jmp/0 T_5.3, 8;
 ; End of false expr.
    %blend;
T_5.3;
    %assign/vec4 v0x7f9e26916830_0, 0;
T_5.1 ;
    %jmp T_5;
    .thread T_5;
    .scope S_0x7f9e26807760;
T_6 ;
    %wait E_0x7f9e26807ae0;
    %load/vec4 v0x7f9e269168c0_0;
    %parti/s 2, 3, 3;
    %load/vec4 v0x7f9e269183e0_0;
    %parti/s 2, 3, 3;
    %xor;
    %cmpi/ne 0, 0, 2;
    %flag_get/vec4 4;
    %jmp/0 T_6.0, 4;
    %load/vec4 v0x7f9e269168c0_0;
    %parti/s 3, 0, 2;
    %load/vec4 v0x7f9e269183e0_0;
    %parti/s 3, 0, 2;
    %cmp/e;
    %flag_get/vec4 4;
    %and;
T_6.0;
    %store/vec4 v0x7f9e2690d3e0_0, 0, 1;
    %jmp T_6;
    .thread T_6, $push;
    .scope S_0x7f9e26807760;
T_7 ;
    %wait E_0x7f9e26807aa0;
    %load/vec4 v0x7f9e269182c0_0;
    %load/vec4 v0x7f9e269181a0_0;
    %cmp/e;
    %flag_get/vec4 4;
    %store/vec4 v0x7f9e269166a0_0, 0, 1;
    %jmp T_7;
    .thread T_7, $push;
    .scope S_0x7f9e26807420;
T_8 ;
    %pushi/vec4 0, 0, 1;
    %store/vec4 v0x7f9e26918470_0, 0, 1;
    %pushi/vec4 0, 0, 1;
    %store/vec4 v0x7f9e269187d0_0, 0, 1;
    %pushi/vec4 0, 0, 1;
    %store/vec4 v0x7f9e26918740_0, 0, 1;
    %pushi/vec4 0, 0, 1;
    %store/vec4 v0x7f9e26918860_0, 0, 1;
    %pushi/vec4 0, 0, 8;
    %store/vec4 v0x7f9e26918500_0, 0, 8;
    %delay 40, 0;
    %pushi/vec4 1, 0, 1;
    %store/vec4 v0x7f9e269187d0_0, 0, 1;
    %delay 35, 0;
    %pushi/vec4 1, 0, 1;
    %store/vec4 v0x7f9e26918860_0, 0, 1;
    %pushi/vec4 0, 0, 1;
    %store/vec4 v0x7f9e26918740_0, 0, 1;
    %delay 100, 0;
    %pushi/vec4 0, 0, 1;
    %store/vec4 v0x7f9e26918860_0, 0, 1;
    %pushi/vec4 1, 0, 1;
    %store/vec4 v0x7f9e26918740_0, 0, 1;
    %delay 100, 0;
    %pushi/vec4 1, 0, 1;
    %store/vec4 v0x7f9e26918860_0, 0, 1;
    %pushi/vec4 0, 0, 1;
    %store/vec4 v0x7f9e26918740_0, 0, 1;
    %delay 200, 0;
    %pushi/vec4 0, 0, 1;
    %store/vec4 v0x7f9e26918860_0, 0, 1;
    %pushi/vec4 1, 0, 1;
    %store/vec4 v0x7f9e26918740_0, 0, 1;
    %delay 200, 0;
    %pushi/vec4 1, 0, 1;
    %store/vec4 v0x7f9e26918860_0, 0, 1;
    %pushi/vec4 0, 0, 1;
    %store/vec4 v0x7f9e26918740_0, 0, 1;
    %delay 200, 0;
    %pushi/vec4 0, 0, 1;
    %store/vec4 v0x7f9e26918860_0, 0, 1;
    %pushi/vec4 1, 0, 1;
    %store/vec4 v0x7f9e26918740_0, 0, 1;
    %delay 200, 0;
    %pushi/vec4 1, 0, 1;
    %store/vec4 v0x7f9e26918860_0, 0, 1;
    %pushi/vec4 0, 0, 1;
    %store/vec4 v0x7f9e26918740_0, 0, 1;
    %delay 200, 0;
    %pushi/vec4 0, 0, 1;
    %store/vec4 v0x7f9e26918860_0, 0, 1;
    %pushi/vec4 1, 0, 1;
    %store/vec4 v0x7f9e26918740_0, 0, 1;
    %delay 200, 0;
    %pushi/vec4 1, 0, 1;
    %store/vec4 v0x7f9e26918860_0, 0, 1;
    %pushi/vec4 0, 0, 1;
    %store/vec4 v0x7f9e26918740_0, 0, 1;
    %delay 200, 0;
    %pushi/vec4 0, 0, 1;
    %store/vec4 v0x7f9e26918860_0, 0, 1;
    %pushi/vec4 1, 0, 1;
    %store/vec4 v0x7f9e26918740_0, 0, 1;
    %delay 200, 0;
    %pushi/vec4 1, 0, 1;
    %store/vec4 v0x7f9e26918860_0, 0, 1;
    %pushi/vec4 0, 0, 1;
    %store/vec4 v0x7f9e26918740_0, 0, 1;
    %delay 200, 0;
    %pushi/vec4 0, 0, 1;
    %store/vec4 v0x7f9e26918860_0, 0, 1;
    %pushi/vec4 1, 0, 1;
    %store/vec4 v0x7f9e26918740_0, 0, 1;
    %delay 200, 0;
    %pushi/vec4 1, 0, 1;
    %store/vec4 v0x7f9e26918860_0, 0, 1;
    %pushi/vec4 1, 0, 1;
    %store/vec4 v0x7f9e26918740_0, 0, 1;
    %delay 200, 0;
    %vpi_call/w 3 63 "$finish" {0 0 0};
    %end;
    .thread T_8;
    .scope S_0x7f9e26807420;
T_9 ;
    %delay 20, 0;
    %load/vec4 v0x7f9e26918500_0;
    %addi 1, 0, 8;
    %assign/vec4 v0x7f9e26918500_0, 0;
    %jmp T_9;
    .thread T_9;
    .scope S_0x7f9e26807420;
T_10 ;
    %delay 10, 0;
    %load/vec4 v0x7f9e26918470_0;
    %inv;
    %store/vec4 v0x7f9e26918470_0, 0, 1;
    %jmp T_10;
    .thread T_10;
    .scope S_0x7f9e26807420;
T_11 ;
    %vpi_call/w 3 85 "$dumpfile", "asfifo.vcd" {0 0 0};
    %vpi_call/w 3 86 "$dumpvars", 32'sb00000000000000000000000000000000, S_0x7f9e26807420 {0 0 0};
    %end;
    .thread T_11;
# The file index is used to find the file name in the following table.
:file_names 5;
    "N/A";
    "<interactive>";
    "-";
    "tb_async_fifo.v";
    "../rtl/asfifo.v";
